2025-10-29 18:06:45 - log_rotation_system - INFO - Logger initialized successfully
2025-10-29 18:07:29 - log_rotation_system - INFO - Logger initialized successfully
2025-10-29 18:10:14 - log_rotation_system - INFO - Logger initialized successfully
2025-10-29 18:14:08 - log_rotation_system - INFO - Logger initialized successfully
2025-10-29 18:14:50 - log_rotation_system - INFO - Logger initialized successfully
2025-10-29 18:20:06 - log_rotation_system - INFO - Logger initialized successfully
2025-10-29 18:21:41 - log_rotation_system - INFO - Logger initialized successfully
2025-10-29 18:27:14 - log_rotation_system - INFO - Logger initialized successfully
2025-10-29 18:27:14 - log_rotation_system - INFO - Running single log rotation
2025-10-29 18:27:14 - log_rotation_system - INFO - No log files older than 2 days to rotate
2025-10-29 18:27:14 - log_rotation_system - INFO - Single run completed
2025-10-29 18:27:39 - log_rotation_system - INFO - Logger initialized successfully
2025-10-29 18:27:39 - log_rotation_system - INFO - Running single log rotation
2025-10-29 18:27:39 - log_rotation_system - INFO - No log files older than 2 days to rotate
2025-10-29 18:27:39 - log_rotation_system - INFO - Single run completed
2025-10-29 18:35:24 - log_rotation_system - INFO - Logger initialized successfully
2025-10-29 18:35:24 - log_rotation_system - INFO - Running single log rotation
2025-10-29 18:35:24 - log_rotation_system - INFO - No log files older than 2 days to rotate
2025-10-29 18:35:24 - log_rotation_system - INFO - Single run completed
2025-10-29 18:35:52 - log_rotation_system - INFO - Logger initialized successfully
2025-10-29 18:35:52 - log_rotation_system - INFO - First run scheduled in 29.40 hours
2025-10-29 18:36:51 - log_rotation_system - INFO - Service loop interrupted by user
2025-10-29 18:38:35 - log_rotation_system - INFO - Logger initialized successfully
2025-10-29 18:38:35 - log_rotation_system - INFO - Running single log rotation
2025-10-29 18:38:35 - log_rotation_system - INFO - No log files older than 2 days to rotate
2025-10-29 18:38:35 - log_rotation_system - INFO - Single run completed
2025-10-29 18:44:13 - log_rotation_system - INFO - Logger initialized successfully
2025-10-29 18:44:13 - log_rotation_system - INFO - Running single log rotation
2025-10-29 18:44:13 - log_rotation_system - INFO - No log files older than 2 days to rotate
2025-10-29 18:44:13 - log_rotation_system - INFO - Single run completed
